07-22 09:58:13.003 I/WindowManager( 2890): onFirstWindowDrawn, try to remove startingWindow. this = ActivityRecord{e7bfabf u0 com.omoda.lanc/.MainActivity t9779} associatedTask = null isMainWindow = true mStartingWindow = Window{84c0c87 u0 Splash Screen com.omoda.lanc} mStartingData = SplashScreenStartingData{4b65b66 waitForSyncTransactionCommit=false removeAfterTransaction= 1}
07-22 09:58:13.003 I/WindowManager( 2890): Not remove startingWindow because this = ActivityRecord{e7bfabf u0 com.omoda.lanc/.MainActivity t9779} activityState = RESUMED mOnFirstWindowDrawn = true mStartingData = SplashScreenStartingData{4b65b66 waitForSyncTransactionCommit=false removeAfterTransaction= 1} WaitForSyncTransactionCommit = false mSyncState = 2 inPlaying = false isCollecting = true collecting = TransitionRecord{82eef54 id=3477 type=PIP flags=0x0}
07-22 09:58:13.010 E/ActivityManagerWrapper( 5376):  mainTaskId=9779   userId=0   windowMode=1   baseIntent=Intent { act=null flag=268435456 cmp=ComponentInfo{com.omoda.lanc/com.omoda.lanc.MainActivity} }
07-22 09:58:13.013 I/WindowManager( 2890): onFirstWindowDrawn, try to remove startingWindow. this = ActivityRecord{e7bfabf u0 com.omoda.lanc/.MainActivity t9779} associatedTask = null isMainWindow = true mStartingWindow = Window{84c0c87 u0 Splash Screen com.omoda.lanc} mStartingData = SplashScreenStartingData{4b65b66 waitForSyncTransactionCommit=false removeAfterTransaction= 1}
07-22 09:58:13.013 I/WindowManager( 2890): Not remove startingWindow because this = ActivityRecord{e7bfabf u0 com.omoda.lanc/.MainActivity t9779} activityState = RESUMED mOnFirstWindowDrawn = true mStartingData = SplashScreenStartingData{4b65b66 waitForSyncTransactionCommit=false removeAfterTransaction= 1} WaitForSyncTransactionCommit = false mSyncState = 2 inPlaying = false isCollecting = true collecting = TransitionRecord{82eef54 id=3477 type=PIP flags=0x0}
07-22 09:58:13.019 W/BackgroundTaskLoader( 5376): java.lang.IllegalArgumentException: The image dimensions must be positive
07-22 09:58:13.020 I/WindowManager( 2890): onFirstWindowDrawn, try to remove startingWindow. this = ActivityRecord{e7bfabf u0 com.omoda.lanc/.MainActivity t9779} associatedTask = null isMainWindow = true mStartingWindow = Window{84c0c87 u0 Splash Screen com.omoda.lanc} mStartingData = SplashScreenStartingData{4b65b66 waitForSyncTransactionCommit=false removeAfterTransaction= 1}
07-22 09:58:13.020 I/WindowManager( 2890): Not remove startingWindow because this = ActivityRecord{e7bfabf u0 com.omoda.lanc/.MainActivity t9779} activityState = RESUMED mOnFirstWindowDrawn = true mStartingData = SplashScreenStartingData{4b65b66 waitForSyncTransactionCommit=false removeAfterTransaction= 1} WaitForSyncTransactionCommit = false mSyncState = 2 inPlaying = false isCollecting = true collecting = TransitionRecord{82eef54 id=3477 type=PIP flags=0x0}
07-22 09:58:13.028 I/WindowManager( 2890): onFirstWindowDrawn, try to remove startingWindow. this = ActivityRecord{e7bfabf u0 com.omoda.lanc/.MainActivity t9779} associatedTask = null isMainWindow = true mStartingWindow = Window{84c0c87 u0 Splash Screen com.omoda.lanc} mStartingData = SplashScreenStartingData{4b65b66 waitForSyncTransactionCommit=false removeAfterTransaction= 1}
07-22 09:58:13.028 I/WindowManager( 2890): Not remove startingWindow because this = ActivityRecord{e7bfabf u0 com.omoda.lanc/.MainActivity t9779} activityState = RESUMED mOnFirstWindowDrawn = true mStartingData = SplashScreenStartingData{4b65b66 waitForSyncTransactionCommit=false removeAfterTransaction= 1} WaitForSyncTransactionCommit = false mSyncState = 2 inPlaying = false isCollecting = true collecting = TransitionRecord{82eef54 id=3477 type=PIP flags=0x0}
07-22 09:58:13.036 I/WindowManager( 2890): onFirstWindowDrawn, try to remove startingWindow. this = ActivityRecord{e7bfabf u0 com.omoda.lanc/.MainActivity t9779} associatedTask = null isMainWindow = true mStartingWindow = Window{84c0c87 u0 Splash Screen com.omoda.lanc} mStartingData = SplashScreenStartingData{4b65b66 waitForSyncTransactionCommit=false removeAfterTransaction= 1}
07-22 09:58:13.036 I/WindowManager( 2890): Not remove startingWindow because this = ActivityRecord{e7bfabf u0 com.omoda.lanc/.MainActivity t9779} activityState = RESUMED mOnFirstWindowDrawn = true mStartingData = SplashScreenStartingData{4b65b66 waitForSyncTransactionCommit=false removeAfterTransaction= 1} WaitForSyncTransactionCommit = false mSyncState = 2 inPlaying = false isCollecting = true collecting = TransitionRecord{82eef54 id=3477 type=PIP flags=0x0}
07-22 09:58:13.044 I/WindowManager( 2890): onFirstWindowDrawn, try to remove startingWindow. this = ActivityRecord{e7bfabf u0 com.omoda.lanc/.MainActivity t9779} associatedTask = null isMainWindow = true mStartingWindow = Window{84c0c87 u0 Splash Screen com.omoda.lanc} mStartingData = SplashScreenStartingData{4b65b66 waitForSyncTransactionCommit=false removeAfterTransaction= 1}
07-22 09:58:13.044 I/WindowManager( 2890): Not remove startingWindow because this = ActivityRecord{e7bfabf u0 com.omoda.lanc/.MainActivity t9779} activityState = RESUMED mOnFirstWindowDrawn = true mStartingData = SplashScreenStartingData{4b65b66 waitForSyncTransactionCommit=false removeAfterTransaction= 1} WaitForSyncTransactionCommit = false mSyncState = 2 inPlaying = false isCollecting = true collecting = TransitionRecord{82eef54 id=3477 type=PIP flags=0x0}
07-22 09:58:13.053 I/WindowManager( 2890): onFirstWindowDrawn, try to remove startingWindow. this = ActivityRecord{e7bfabf u0 com.omoda.lanc/.MainActivity t9779} associatedTask = null isMainWindow = true mStartingWindow = Window{84c0c87 u0 Splash Screen com.omoda.lanc} mStartingData = SplashScreenStartingData{4b65b66 waitForSyncTransactionCommit=false removeAfterTransaction= 1}
07-22 09:58:13.053 I/WindowManager( 2890): Not remove startingWindow because this = ActivityRecord{e7bfabf u0 com.omoda.lanc/.MainActivity t9779} activityState = RESUMED mOnFirstWindowDrawn = true mStartingData = SplashScreenStartingData{4b65b66 waitForSyncTransactionCommit=false removeAfterTransaction= 1} WaitForSyncTransactionCommit = false mSyncState = 2 inPlaying = false isCollecting = true collecting = TransitionRecord{82eef54 id=3477 type=PIP flags=0x0}
07-22 09:58:13.057 I/WindowManager( 2890): onFirstWindowDrawn, try to remove startingWindow. this = ActivityRecord{e7bfabf u0 com.omoda.lanc/.MainActivity t9779} associatedTask = null isMainWindow = true mStartingWindow = Window{84c0c87 u0 Splash Screen com.omoda.lanc} mStartingData = SplashScreenStartingData{4b65b66 waitForSyncTransactionCommit=false removeAfterTransaction= 1}
07-22 09:58:13.057 I/WindowManager( 2890): Not remove startingWindow because this = ActivityRecord{e7bfabf u0 com.omoda.lanc/.MainActivity t9779} activityState = RESUMED mOnFirstWindowDrawn = true mStartingData = SplashScreenStartingData{4b65b66 waitForSyncTransactionCommit=false removeAfterTransaction= 1} WaitForSyncTransactionCommit = false mSyncState = 2 inPlaying = false isCollecting = true collecting = TransitionRecord{82eef54 id=3477 type=PIP flags=0x0}
07-22 09:58:13.061 I/WindowManager( 2890): onFirstWindowDrawn, try to remove startingWindow. this = ActivityRecord{e7bfabf u0 com.omoda.lanc/.MainActivity t9779} associatedTask = null isMainWindow = true mStartingWindow = Window{84c0c87 u0 Splash Screen com.omoda.lanc} mStartingData = SplashScreenStartingData{4b65b66 waitForSyncTransactionCommit=false removeAfterTransaction= 1}
07-22 09:58:13.061 I/WindowManager( 2890): Not remove startingWindow because this = ActivityRecord{e7bfabf u0 com.omoda.lanc/.MainActivity t9779} activityState = RESUMED mOnFirstWindowDrawn = true mStartingData = SplashScreenStartingData{4b65b66 waitForSyncTransactionCommit=false removeAfterTransaction= 1} WaitForSyncTransactionCommit = false mSyncState = 2 inPlaying = false isCollecting = true collecting = TransitionRecord{82eef54 id=3477 type=PIP flags=0x0}
07-22 09:58:13.069 I/WindowManager( 2890): onFirstWindowDrawn, try to remove startingWindow. this = ActivityRecord{e7bfabf u0 com.omoda.lanc/.MainActivity t9779} associatedTask = null isMainWindow = true mStartingWindow = Window{84c0c87 u0 Splash Screen com.omoda.lanc} mStartingData = SplashScreenStartingData{4b65b66 waitForSyncTransactionCommit=false removeAfterTransaction= 1}
07-22 09:58:13.069 I/WindowManager( 2890): Not remove startingWindow because this = ActivityRecord{e7bfabf u0 com.omoda.lanc/.MainActivity t9779} activityState = RESUMED mOnFirstWindowDrawn = true mStartingData = SplashScreenStartingData{4b65b66 waitForSyncTransactionCommit=false removeAfterTransaction= 1} WaitForSyncTransactionCommit = false mSyncState = 2 inPlaying = false isCollecting = true collecting = TransitionRecord{82eef54 id=3477 type=PIP flags=0x0}
07-22 09:58:13.078 I/WindowManager( 2890): onFirstWindowDrawn, try to remove startingWindow. this = ActivityRecord{e7bfabf u0 com.omoda.lanc/.MainActivity t9779} associatedTask = null isMainWindow = true mStartingWindow = Window{84c0c87 u0 Splash Screen com.omoda.lanc} mStartingData = SplashScreenStartingData{4b65b66 waitForSyncTransactionCommit=false removeAfterTransaction= 1}
07-22 09:58:13.078 I/WindowManager( 2890): Not remove startingWindow because this = ActivityRecord{e7bfabf u0 com.omoda.lanc/.MainActivity t9779} activityState = RESUMED mOnFirstWindowDrawn = true mStartingData = SplashScreenStartingData{4b65b66 waitForSyncTransactionCommit=false removeAfterTransaction= 1} WaitForSyncTransactionCommit = false mSyncState = 2 inPlaying = false isCollecting = true collecting = TransitionRecord{82eef54 id=3477 type=PIP flags=0x0}
07-22 09:58:13.086 I/WindowManager( 2890): onFirstWindowDrawn, try to remove startingWindow. this = ActivityRecord{e7bfabf u0 com.omoda.lanc/.MainActivity t9779} associatedTask = null isMainWindow = true mStartingWindow = Window{84c0c87 u0 Splash Screen com.omoda.lanc} mStartingData = SplashScreenStartingData{4b65b66 waitForSyncTransactionCommit=false removeAfterTransaction= 1}
07-22 09:58:13.086 I/WindowManager( 2890): Not remove startingWindow because this = ActivityRecord{e7bfabf u0 com.omoda.lanc/.MainActivity t9779} activityState = RESUMED mOnFirstWindowDrawn = true mStartingData = SplashScreenStartingData{4b65b66 waitForSyncTransactionCommit=false removeAfterTransaction= 1} WaitForSyncTransactionCommit = false mSyncState = 2 inPlaying = false isCollecting = true collecting = TransitionRecord{82eef54 id=3477 type=PIP flags=0x0}
07-22 09:58:13.093 I/WindowManager( 2890): onFirstWindowDrawn, try to remove startingWindow. this = ActivityRecord{e7bfabf u0 com.omoda.lanc/.MainActivity t9779} associatedTask = null isMainWindow = true mStartingWindow = Window{84c0c87 u0 Splash Screen com.omoda.lanc} mStartingData = SplashScreenStartingData{4b65b66 waitForSyncTransactionCommit=false removeAfterTransaction= 1}
07-22 09:58:13.093 I/WindowManager( 2890): Not remove startingWindow because this = ActivityRecord{e7bfabf u0 com.omoda.lanc/.MainActivity t9779} activityState = RESUMED mOnFirstWindowDrawn = true mStartingData = SplashScreenStartingData{4b65b66 waitForSyncTransactionCommit=false removeAfterTransaction= 1} WaitForSyncTransactionCommit = false mSyncState = 2 inPlaying = false isCollecting = true collecting = TransitionRecord{82eef54 id=3477 type=PIP flags=0x0}
07-22 09:58:13.094 I/SmartPower: com.omoda.lanc/10882(8924)( 2890): invisible->visible(229ms) R(become visible) adj=0.
07-22 09:58:13.094 I/WindowManager( 2890): wms.showSurfaceRobustly mWin:Window{84c0c87 u0 Splash Screen com.omoda.lanc}
07-22 09:58:13.094 I/WindowManager( 2890): onFirstWindowDrawn, try to remove startingWindow. this = ActivityRecord{e7bfabf u0 com.omoda.lanc/.MainActivity t9779} associatedTask = null isMainWindow = true mStartingWindow = Window{84c0c87 u0 Splash Screen com.omoda.lanc} mStartingData = SplashScreenStartingData{4b65b66 waitForSyncTransactionCommit=true removeAfterTransaction= 1}
07-22 09:58:13.094 I/WindowManager( 2890): Not remove startingWindow because this = ActivityRecord{e7bfabf u0 com.omoda.lanc/.MainActivity t9779} activityState = RESUMED mOnFirstWindowDrawn = true mStartingData = SplashScreenStartingData{4b65b66 waitForSyncTransactionCommit=true removeAfterTransaction= 1} WaitForSyncTransactionCommit = true mSyncState = 0 inPlaying = false isCollecting = true collecting = TransitionRecord{82eef54 id=3477 type=PIP flags=0x0}
07-22 09:58:13.094 D/WindowManager( 2890): performShowLocked: com.omoda.lanc/com.omoda.lanc.MainActivity, isImmersive=true
07-22 09:58:13.094 I/WindowManager( 2890): wms.showSurfaceRobustly mWin:Window{c9ce43a u0 com.omoda.lanc/com.omoda.lanc.MainActivity}
07-22 09:58:13.094 D/WindowManager( 2890): Final targets: [Task{200cf7d #9775 type=standard A=10062:com.anydesk.anydeskandroid}, Task{46ad4d5 #9779 type=standard A=10882:com.omoda.lanc}, Task{8c5c944 #1 type=home}]
07-22 09:58:13.097 D/WindowManager( 2890): Calling onTransitionReady info={id=3477 t=PIP f=0x0 trk=0 opt={t=FROM_STYLE} r=[0@Point(0, 0)] c=[{WCT{RemoteToken{91f3a34 Task{200cf7d #9775 type=standard A=10062:com.anydesk.anydeskandroid}}} m=TO_FRONT f=TRANSLUCENT leash=Surface(name=Task=9775#58045)/@0xc9641d4 sb=Rect(0, 0 - 1080, 2400) eb=Rect(412, 148 - 1034, 498) eo=Point(412, 148) d=0 windowMode=1->2 taskParent=-1},{WCT{RemoteToken{b752225 Task{46ad4d5 #9779 type=standard A=10882:com.omoda.lanc}}} m=TO_FRONT f=MOVE_TO_TOP leash=Surface(name=Task=9779#58848)/@0xfea258c sb=Rect(0, 0 - 1080, 2400) eb=Rect(0, 0 - 1080, 2400) d=0 endFixedRotation=1 taskParent=-1},{WCT{RemoteToken{c398154 Task{8c5c944 #1 type=home}}} m=TO_BACK f=SHOW_WALLPAPER leash=Surface(name=Task=1#45)/@0xc657a57 sb=Rect(0, 0 - 1080, 2400) eb=Rect(0, 0 - 1080, 2400) d=0 taskParent=-1}] mk=[true] noAni=[false] df=[false] rsa=[false] oa=[false] nc=[0]}, mToken=Token{8fab32d TransitionRecord{82eef54 id=3477 type=PIP flags=0x0}}
07-22 09:58:13.100 W/ziparchive( 2890): Unable to open '/data/app/~~nWIK2D1ohKaLXx6KzDq6-A==/com.omoda.lanc-q1PNfhrf6J-jlevd4fkSlQ==/base.dm': No such file or directory
07-22 09:58:13.112 E/ActivityManagerWrapper( 5376):  mainTaskId=9779   userId=0   windowMode=1   baseIntent=Intent { act=null flag=268435456 cmp=ComponentInfo{com.omoda.lanc/com.omoda.lanc.MainActivity} }
07-22 09:58:13.113 I/ATMSImpl( 2890): No snapshot since not start by launcher, activity=com.omoda.lanc/.MainActivity
07-22 09:58:13.121 I/ImeTracker( 2890): com.omoda.lanc:8490e08e: onRequestHide at ORIGIN_SERVER reason HIDE_UNSPECIFIED_WINDOW fromUser false
07-22 09:58:13.121 I/ImeTracker( 2890): com.omoda.lanc:8490e08e: onCancelled at PHASE_SERVER_SHOULD_HIDE
07-22 09:58:13.127 I/GoogleInputMethodService(13225): GoogleInputMethodService.onStartInput():1460 onStartInput(EditorInfo{EditorInfo{packageName=com.omoda.lanc, inputType=0, inputTypeString=NULL, enableLearning=false, autoCorrection=false, autoComplete=false, imeOptions=0, privateImeOptions=null, actionName=UNSPECIFIED, actionLabel=null, initialSelStart=-1, initialSelEnd=-1, initialCapsMode=0, label=null, fieldId=0, fieldName=null, extras=Bundle[mParcelledData.dataSize=72], hintText=null, hintLocales=[]}}, false)
07-22 09:58:13.130 W/PackageConfigPersister( 2890): App-specific configuration not found for packageName: com.omoda.lanc and userId: 0
07-22 09:58:13.132 W/BackgroundTaskLoader( 5376): java.lang.IllegalArgumentException: The image dimensions must be positive
07-22 09:58:13.140 D/WindowManager( 2890): Starting window removed Window{84c0c87 u0 Splash Screen com.omoda.lanc}
07-22 09:58:13.140 W/InputManager-JNI( 2890): Input channel object '84c0c87 Splash Screen com.omoda.lanc (client)' was disposed without first being removed with the input manager!
07-22 09:58:13.301 I/WindowManager( 2890): StartingWindow exit animation finished, win = Window{84c0c87 u0 Splash Screen com.omoda.lanc EXITING} remove = true
07-22 09:58:13.302 D/WindowManager( 2890): postWindowRemoveCleanupLocked: Removing startingWindow Window{84c0c87 u0 Splash Screen com.omoda.lanc} from ActivityRecord{e7bfabf u0 com.omoda.lanc/.MainActivity t9779} activity = ActivityRecord{e7bfabf u0 com.omoda.lanc/.MainActivity t9779}
07-22 09:58:13.423 I/NullBinder(  456): NullBinder for android.net.action.RECOMMEND_NETWORKS triggering remote TransactionTooLargeException due to Service without Chimera impl, calling uid: 1000, calling pid: 0
07-22 09:58:13.425 I/NullBinder(  456): NullBinder for android.net.action.RECOMMEND_NETWORKS triggering remote TransactionTooLargeException due to Service without Chimera impl, calling uid: 1000, calling pid: 0
07-22 09:58:13.574 I/Transition( 2890): finishTransition: updateLastSurfacePosition tf=Task{46ad4d5 #9779 type=standard A=10882:com.omoda.lanc}
07-22 09:58:13.574 I/WindowManager( 2890): rotation changed from 0 to 1 due ActivityRecord{e7bfabf u0 com.omoda.lanc/.MainActivity t9779}
07-22 09:58:13.603 D/AutoDensity(18101): getAccessibilityDpi Exception: android.provider.Settings$SettingNotFoundException: display_density_forced
07-22 09:58:13.605 D/AutoDensity(13344): getAccessibilityDpi Exception: android.provider.Settings$SettingNotFoundException: display_density_forced
07-22 09:58:13.605 D/AutoDensity(21955): getAccessibilityDpi Exception: android.provider.Settings$SettingNotFoundException: display_density_forced
07-22 09:58:13.608 D/AutoDensity(28874): getAccessibilityDpi Exception: android.provider.Settings$SettingNotFoundException: display_density_forced
07-22 09:58:13.609 D/WindowManager( 2890): finishFixedRotationTransform ActivityRecord{e7bfabf u0 com.omoda.lanc/.MainActivity t9779} applyDisplayRotation=false size=1
07-22 09:58:13.610 D/AutoDensity(15187): getAccessibilityDpi Exception: android.provider.Settings$SettingNotFoundException: display_density_forced
07-22 09:58:13.612 D/AutoDensity(29488): getAccessibilityDpi Exception: android.provider.Settings$SettingNotFoundException: display_density_forced
07-22 09:58:13.613 D/WindowManager( 2890): setFixedRotationLaunchingApp 0 prev=ActivityRecord{e7bfabf u0 com.omoda.lanc/.MainActivity t9779} now=null rotation=-1
07-22 09:58:13.613 D/WindowManager( 2890): Collecting in transition 3478: Task{46ad4d5 #9779 type=standard A=10882:com.omoda.lanc} init visibleRequested:true
07-22 09:58:13.614 D/AutoDensity( 7917): getAccessibilityDpi Exception: android.provider.Settings$SettingNotFoundException: display_density_forced
07-22 09:58:13.614 D/AutoDensity( 9628): getAccessibilityDpi Exception: android.provider.Settings$SettingNotFoundException: display_density_forced
07-22 09:58:13.616 D/AutoDensity(13601): getAccessibilityDpi Exception: android.provider.Settings$SettingNotFoundException: display_density_forced
07-22 09:58:13.622 D/AutoDensity( 7886): getAccessibilityDpi Exception: android.provider.Settings$SettingNotFoundException: display_density_forced
07-22 09:58:13.622 D/AutoDensity( 1796): getAccessibilityDpi Exception: android.provider.Settings$SettingNotFoundException: display_density_forced
07-22 09:58:13.623 D/AutoDensity( 2890): getAccessibilityDpi Exception: android.provider.Settings$SettingNotFoundException: display_density_forced
07-22 09:58:13.625 D/AutoDensity(13491): getAccessibilityDpi Exception: android.provider.Settings$SettingNotFoundException: display_density_forced
07-22 09:58:13.626 D/AutoDensity(17585): getAccessibilityDpi Exception: android.provider.Settings$SettingNotFoundException: display_density_forced
07-22 09:58:13.633 D/AutoDensity( 8675): getAccessibilityDpi Exception: android.provider.Settings$SettingNotFoundException: display_density_forced
07-22 09:58:13.634 D/AutoDensity( 5943): getAccessibilityDpi Exception: android.provider.Settings$SettingNotFoundException: display_density_forced
07-22 09:58:13.635 D/AutoDensity( 5943): getAccessibilityDpi Exception: android.provider.Settings$SettingNotFoundException: display_density_forced
07-22 09:58:13.646 D/AutoDensity(28529): getAccessibilityDpi Exception: android.provider.Settings$SettingNotFoundException: display_density_forced
07-22 09:58:13.648 D/AutoDensity( 5376): getAccessibilityDpi Exception: android.provider.Settings$SettingNotFoundException: display_density_forced
07-22 09:58:13.655 D/Launcher.DeviceConfig( 5376): java.lang.RuntimeException
07-22 09:58:13.667 D/AutoDensity(17150): getAccessibilityDpi Exception: android.provider.Settings$SettingNotFoundException: display_density_forced
07-22 09:58:13.672 D/MiuiSentinelService( 2890): begin judgment FdAmountLeakException
07-22 09:58:13.673 E/ActivityManagerWrapper( 5376):  mainTaskId=9779   userId=0   windowMode=1   baseIntent=Intent { act=null flag=268435456 cmp=ComponentInfo{com.omoda.lanc/com.omoda.lanc.MainActivity} }
07-22 09:58:13.676 D/AutoDensity(22388): getAccessibilityDpi Exception: android.provider.Settings$SettingNotFoundException: display_density_forced
07-22 09:58:13.681 W/BackgroundTaskLoader( 5376): java.lang.IllegalArgumentException: The image dimensions must be positive
07-22 09:58:13.681 I/GoogleInputMethodService(13225): GoogleInputMethodService.onStartInput():1460 onStartInput(EditorInfo{EditorInfo{packageName=com.omoda.lanc, inputType=0, inputTypeString=NULL, enableLearning=false, autoCorrection=false, autoComplete=false, imeOptions=0, privateImeOptions=null, actionName=UNSPECIFIED, actionLabel=null, initialSelStart=-1, initialSelEnd=-1, initialCapsMode=0, label=null, fieldId=0, fieldName=null, extras=Bundle[{hand_writing_keyboard_type=1}], hintText=null, hintLocales=[]}}, true)
07-22 09:58:13.684 W/PackageConfigPersister( 2890): App-specific configuration not found for packageName: com.omoda.lanc and userId: 0
07-22 09:58:13.688 D/AutoDensity( 6578): getAccessibilityDpi Exception: android.provider.Settings$SettingNotFoundException: display_density_forced
07-22 09:58:13.694 D/AutoDensity(16248): getAccessibilityDpi Exception: android.provider.Settings$SettingNotFoundException: display_density_forced
07-22 09:58:13.700 D/AutoDensity( 5959): getAccessibilityDpi Exception: android.provider.Settings$SettingNotFoundException: display_density_forced
07-22 09:58:13.704 W/System.err( 5959): android.provider.Settings$SettingNotFoundException: display_density_forced
07-22 09:58:13.712 D/AutoDensity(12052): getAccessibilityDpi Exception: android.provider.Settings$SettingNotFoundException: display_density_forced
07-22 09:58:13.756 W/System.err( 5959): android.provider.Settings$SettingNotFoundException: display_density_forced
07-22 09:58:13.761 E/FileUtil(16122): java.io.FileNotFoundException: sys/devices/system/cpu/cpu0/cpufreq/scaling_max_freq: open failed: EACCES (Permission denied)
07-22 09:58:13.761 E/FileUtil(16122): Caused by: android.system.ErrnoException: open failed: EACCES (Permission denied)
07-22 09:58:13.762 E/FileUtil(16122): java.io.FileNotFoundException: sys/devices/system/cpu/cpu1/cpufreq/scaling_max_freq: open failed: EACCES (Permission denied)
07-22 09:58:13.762 E/FileUtil(16122): Caused by: android.system.ErrnoException: open failed: EACCES (Permission denied)
07-22 09:58:13.762 E/FileUtil(16122): java.io.FileNotFoundException: sys/devices/system/cpu/cpu2/cpufreq/scaling_max_freq: open failed: EACCES (Permission denied)
07-22 09:58:13.762 E/FileUtil(16122): Caused by: android.system.ErrnoException: open failed: EACCES (Permission denied)
07-22 09:58:13.771 W/System.err( 5959): android.provider.Settings$SettingNotFoundException: display_density_forced
07-22 09:58:13.781 D/AutoDensity( 5959): getAccessibilityDpi Exception: android.provider.Settings$SettingNotFoundException: display_density_forced
07-22 09:58:13.792 D/WindowManager( 2890): Final targets: [Task{200cf7d #9775 type=standard A=10062:com.anydesk.anydeskandroid}, Task{46ad4d5 #9779 type=standard A=10882:com.omoda.lanc}, DefaultTaskDisplayArea@239869535, Display{#0 state=ON size=2400x1080 ROTATION_90}]
07-22 09:58:13.794 D/WindowManager( 2890): Calling onTransitionReady info={id=3478 t=CHANGE f=0x0 trk=0 r=[0@Point(0, 0)] c=[{WCT{RemoteToken{91f3a34 Task{200cf7d #9775 type=standard A=10062:com.anydesk.anydeskandroid}}} m=CHANGE f=TRANSLUCENT p=WCT{RemoteToken{4dbd8fd DefaultTaskDisplayArea@239869535}} leash=Surface(name=Task=9775#58045)/@0xc9641d4 sb=Rect(1822, 148 - 2350, 445) eb=Rect(1822, 148 - 2350, 445) eo=Point(1822, 148) d=0 r=0->1:0 taskParent=-1},{WCT{RemoteToken{b752225 Task{46ad4d5 #9779 type=standard A=10882:com.omoda.lanc}}} m=CHANGE f=NONE p=WCT{RemoteToken{4dbd8fd DefaultTaskDisplayArea@239869535}} leash=Surface(name=Task=9779#58848)/@0xfea258c sb=Rect(0, 0 - 1080, 2400) eb=Rect(0, 0 - 2400, 1080) d=0 r=0->1:0 taskParent=-1},{WCT{RemoteToken{4dbd8fd DefaultTaskDisplayArea@239869535}} m=CHANGE f=NONE p=WCT{RemoteToken{3a7469b Display{#0 state=ON size=2400x1080 ROTATION_90}}} leash=Surface(name=DefaultTaskDisplayArea#6)/@0xa754666 sb=Rect(0, 0 - 1080, 2400) eb=Rect(0, 0 - 2400, 1080) d=0 r=0->1:-1},{WCT{RemoteToken{3a7469b Display{#0 state=ON size=2400x1080 ROTATION_90}}} m=CHANGE f=IS_DISPLAY leash=Surface(name=WindowedMagnification:0:31#1)/@0x6778345 sb=Rect(0, 0 - 1080, 2400) eb=Rect(0, 0 - 2400, 1080) d=0 r=0->1:3}] mk=[true] noAni=[false] df=[false] rsa=[false] oa=[false] nc=[0]}, mToken=Token{4320f22 TransitionRecord{bc57910 id=3478 type=CHANGE flags=0x0}}
07-22 09:58:13.799 E/PowerKeeper.Thermal(16122): ProcessInfo java.lang.NumberFormatException: For input string: "CPU usage from 196240ms to 130590ms ago (2026-07-22 09"
07-22 09:58:13.816 I/Transition( 2890): finishTransition: updateLastSurfacePosition tf=Task{46ad4d5 #9779 type=standard A=10882:com.omoda.lanc}
